Traceback (most recent call last):
  File "/opt/hostedtoolcache/Python/3.10.20/x64/lib/python3.10/site-packages/jupyter_cache/executors/utils.py", line 58, in single_nb_execution
    executenb(
  File "/opt/hostedtoolcache/Python/3.10.20/x64/lib/python3.10/site-packages/nbclient/client.py", line 1323, in execute
    return NotebookClient(nb=nb, resources=resources, km=km, **kwargs).execute()
  File "/opt/hostedtoolcache/Python/3.10.20/x64/lib/python3.10/site-packages/jupyter_core/utils/__init__.py", line 165, in wrapped
    return loop.run_until_complete(inner)
  File "/opt/hostedtoolcache/Python/3.10.20/x64/lib/python3.10/asyncio/base_events.py", line 649, in run_until_complete
    return future.result()
  File "/opt/hostedtoolcache/Python/3.10.20/x64/lib/python3.10/site-packages/nbclient/client.py", line 709, in async_execute
    await self.async_execute_cell(
  File "/opt/hostedtoolcache/Python/3.10.20/x64/lib/python3.10/site-packages/nbclient/client.py", line 1062, in async_execute_cell
    await self._check_raise_for_error(cell, cell_index, exec_reply)
  File "/opt/hostedtoolcache/Python/3.10.20/x64/lib/python3.10/site-packages/nbclient/client.py", line 918, in _check_raise_for_error
    raise CellExecutionError.from_cell_and_msg(cell, exec_reply_content)
nbclient.exceptions.CellExecutionError: An error occurred while executing the following cell:
------------------
z1 = 3 + 4j
r = abs(z1)
theta = np.angle(z1)
print(f"z1 = {r:.3f}(cos({theta:.3f} + i sin({theta:.3f}))")
------------------


[0;31m---------------------------------------------------------------------------[0m
[0;31mNameError[0m                                 Traceback (most recent call last)
Cell [0;32mIn[1], line 3[0m
[1;32m      1[0m z1 [38;5;241m=[39m [38;5;241m3[39m [38;5;241m+[39m [38;5;241m4[39mj
[1;32m      2[0m r [38;5;241m=[39m [38;5;28mabs[39m(z1)
[0;32m----> 3[0m theta [38;5;241m=[39m [43mnp[49m[38;5;241m.[39mangle(z1)
[1;32m      4[0m [38;5;28mprint[39m([38;5;124mf[39m[38;5;124m"[39m[38;5;124mz1 = [39m[38;5;132;01m{[39;00mr[38;5;132;01m:[39;00m[38;5;124m.3f[39m[38;5;132;01m}[39;00m[38;5;124m(cos([39m[38;5;132;01m{[39;00mtheta[38;5;132;01m:[39;00m[38;5;124m.3f[39m[38;5;132;01m}[39;00m[38;5;124m + i sin([39m[38;5;132;01m{[39;00mtheta[38;5;132;01m:[39;00m[38;5;124m.3f[39m[38;5;132;01m}[39;00m[38;5;124m))[39m[38;5;124m"[39m)

[0;31mNameError[0m: name 'np' is not defined

